[read] 100 symbols
GATCCATTGA
TAAGGGTTGA
TAAGGAATGA
TTCTTGGATC
GTACCAACCT
TTATCTGCGG
CATAGTCCAT
TACAAACATG
TGGTCTGTAA
ACACTCTTCC
[pwg_trim_leading]
    GATCCA
TTGATAAGGG
TTGATAAGGA
ATGATTCTTG
GATCGTACCA
ACCTTTATCT
GCGGCATAGT
CCATTACAAA
CATGTGGTCT
GTAAACACTC
TTCC
GATCCATTGA
TAAGGGTTGA
TAAGGAATGA
TTCTTGGATC
GTACCAACCT
TTATCTGCGG
CATAGTCCAT
TACAAACATG
TGGTCTGTAA
ACACTCTTCC
[str_trim_trailing]
GATCCATTGA
TAAGGGTTGA
TAAGGAATGA
TTCTTGGATC
GTACCAACCT
TTATCTGCGG
CATAGTCCAT
TACAAACATG
TGGTCTGTAA
ACACTCTTCC
   
GATCCATTGA
TAAGGGTTGA
TAAGGAATGA
TTCTTGGATC
GTACCAACCT
TTATCTGCGG
CATAGTCCAT
TACAAACATG
TGGTCTGTAA
ACACTCTTCC
[str_pad_right]
GATCCATTGA
TAAGGGTTGA
TAAGGAATGA
TTCTTGGATC
GTACCAACCT
TTATCTGCGG
CATAGTCCAT
TACAAACATG
TGGTCTGTAA
ACACTCTTCC
xxxxxxxxxx
xxxxxxxxxx
xxxxxxxxxx
xxxxxxxxxx
xxxxxxxxxx
[str_pad_left]
xxxxxxxxxx
xxxxxxxxxx
xxxxxxxxxx
xxxxxxxxxx
xxxxxxxxxx
GATCCATTGA
TAAGGGTTGA
TAAGGAATGA
TTCTTGGATC
GTACCAACCT
TTATCTGCGG
CATAGTCCAT
TACAAACATG
TGGTCTGTAA
ACACTCTTCC
[str_drop_string]
GATCCATTGA
GTTGATAAGG
AATGATTCTT
GGATCGTACC
AACCTTTATC
TGCGGCATAG
TCCATTACAA
ACATGTGGTC
TGTAAACACT
CTTCC
[str_insert_string]
GATCCATTGA
xxxxxTAAGG
GTTGATAAGG
AATGATTCTT
GGATCGTACC
AACCTTTATC
TGCGGCATAG
TCCATTACAA
ACATGTGGTC
TGTAAACACT
CTTCC
[str_extract_string]
TAAGGGTTGA
T
[str_extract_to_mark]
TAAGGGTTGA
TAAGGAATGA
TT
[bio_seq_complement]
CTAGGTAACT
ATTCCCAACT
ATTCCTTACT
AAGAACCTAG
CATGGTTGGA
AATAGACGCC
GTATCAGGTA
ATGTTTGTAC
ACCAGACATT
TGTGAGAAGG
[str_reverse_string]
CCTTCTCACA
AATGTCTGGT
GTACAAACAT
TACCTGATAC
GGCGTCTATT
TCCAACCATG
CTAGGTTCTT
AGTAAGGAAT
AGTTGGGAAT
AGTTACCTAG
[end of test]
