TMP/core/rpl2.fst
TMP/core/rpl23.fst
TMP/core/rps12.fst
TMP/core/rps19.fst
TMP/core/rps7.fst
TMP/dust/atpa.fst
TMP/dust/atpb.fst
TMP/dust/atpe.fst
TMP/dust/atpf.fst
TMP/dust/atph.fst
TMP/dust/atpi.fst
TMP/dust/ccsa.fst
TMP/dust/petb.fst
TMP/dust/petg.fst
TMP/dust/psaa.fst
TMP/dust/psab.fst
TMP/dust/psac.fst
TMP/dust/psba.fst
TMP/dust/psbb.fst
TMP/dust/psbc.fst
TMP/dust/psbd.fst
TMP/dust/psbe.fst
TMP/dust/psbf.fst
TMP/dust/psbh.fst
TMP/dust/psbi.fst
TMP/dust/psbj.fst
TMP/dust/psbk.fst
TMP/dust/psbl.fst
TMP/dust/psbn.fst
TMP/dust/psbt.fst
TMP/dust/rpl14.fst
TMP/dust/rpl32.fst
TMP/dust/rpob.fst
TMP/dust/rpoc1.fst
TMP/dust/rpoc2.fst
TMP/dust/ycf4.fst
TMP/info/db.prot.fst
TMP/shell/rbcl.fst
TMP/shell/rpl16.fst
TMP/shell/rpl20.fst
TMP/shell/rpl36.fst
TMP/shell/rps11.fst
TMP/shell/rps14.fst
TMP/shell/rps2.fst
TMP/shell/rps3.fst
TMP/shell/rps4.fst
TMP/shell/rps8.fst
